// Jest Snapshot v1, https://goo.gl/fbAQLP

exports[`Pruebas en <SearchSreen /> Debe de mostrar a Batman y el input con el valor del queryString 1`] = `
Array [
  <h1>
    Search Screen
  </h1>,
  <hr />,
  <div
    className="row"
  >
    <div
      className="col-md-5"
    >
      <h4>
        Search Form
      </h4>
      <hr />
      <form
        className="input-group"
        onSubmit={[Function]}
      >
        <input
          autoComplete="off"
          className="form-control"
          name="searchText"
          onChange={[Function]}
          placeholder="Find your hero"
          type="text"
          value="batman"
        />
        <button
          className="btn btn-outline-primary"
          type="submit"
        >
          Button
        </button>
      </form>
    </div>
    <div
      className="col-md-7"
    >
      <h4>
        Results
      </h4>
      <hr />
      <div
        className="col"
      >
        <div
          className="card mb-3"
          style={
            Object {
              "maxWidth": 540,
            }
          }
        >
          <div
            className="row g-0"
          >
            <div
              className="col-md-4"
            >
              <img
                alt="Batman"
                className="card-img"
                loading="lazy"
                src="./assets/heroes/dc-batman.jpg"
              />
            </div>
            <div
              className="col-md-8"
            >
              <div
                className="card-body"
              >
                <h5
                  className="card-title"
                >
                  Batman
                </h5>
                <p
                  className="card-text"
                >
                  Bruce Wayne
                </p>
                <p
                  className="card-text"
                >
                  <small
                    className="text-muted"
                  >
                    Detective Comics #27
                  </small>
                </p>
                <a
                  href="/hero/dc-batman"
                  onClick={[Function]}
                >
                  MÃ¡s...
                </a>
              </div>
            </div>
          </div>
        </div>
         
      </div>
    </div>
  </div>,
]
`;

exports[`Pruebas en <SearchSreen /> El componente se debe de mostrar correctamente 1`] = `
Array [
  <h1>
    Search Screen
  </h1>,
  <hr />,
  <div
    className="row"
  >
    <div
      className="col-md-5"
    >
      <h4>
        Search Form
      </h4>
      <hr />
      <form
        className="input-group"
        onSubmit={[Function]}
      >
        <input
          autoComplete="off"
          className="form-control"
          name="searchText"
          onChange={[Function]}
          placeholder="Find your hero"
          type="text"
          value=""
        />
        <button
          className="btn btn-outline-primary"
          type="submit"
        >
          Button
        </button>
      </form>
    </div>
    <div
      className="col-md-7"
    >
      <h4>
        Results
      </h4>
      <hr />
      <div
        className="alert alert-info"
      >
        Search a hero
      </div>
    </div>
  </div>,
]
`;
